// Vitest Snapshot v1, https://vitest.dev/guide/snapshot.html

exports[`should return the correct app mention message 1`] = `
{
  "as_user": true,
  "attachments": [
    {
      "actions": [
        {
          "name": "TALLY_WORKOUT",
          "style": "primary",
          "text": "Tally Workout",
          "type": "button",
        },
        {
          "name": "GET_WEEKLY_LEADERBOARD",
          "style": "primary",
          "text": "Get Weekly Leaderboard",
          "type": "button",
        },
      ],
      "callback_id": "???",
      "text": "Hello, <@nick>! What would you like to do today?",
      "title": "Squat Baby Squat",
    },
  ],
  "channel": "MY_CHANNEL",
}
`;
